Menu Principal
1 - Novo
2 - Abrir
3 - Guardar
4 - Menu de Edição
5 - Menu de Consultas
0 - Sair
Escolha uma opção: Menu de Consultas
1 - Procurar valores
2 - Procurar funções
0 - Sair
Escolha uma opção: Opção inválida!
Menu de Consultas
1 - Procurar valores
2 - Procurar funções
0 - Sair
Escolha uma opção: Função a procurar: 2;3|48=ADD(2;2,5)
4;2|34=AVERAGE(2;1:2;2)
Menu de Consultas
1 - Procurar valores
2 - Procurar funções
0 - Sair
Escolha uma opção: Função a procurar: 3;3|9=MUL(4;1,4;1)
1;3|-1=SUB(2,3)
4;3|-3=SUB(2,5)
Menu de Consultas
1 - Procurar valores
2 - Procurar funções
0 - Sair
Escolha uma opção: Menu Principal
1 - Novo
2 - Abrir
3 - Guardar
4 - Menu de Edição
5 - Menu de Consultas
0 - Sair
Escolha uma opção: 