Menu Principal
1 - Novo
2 - Abrir
3 - Guardar
4 - Menu de Edição
5 - Menu de Consultas
0 - Sair
Escolha uma opção: Menu de Consultas
1 - Procurar valores
2 - Procurar funções
0 - Sair
Escolha uma opção: Valor a procurar: 1;1|'123
1;5|'123=2;3
2;3|'123=1;1
3;4|'123
3;5|'123=3;4
4;1|'123=1;5
4;2|'123
4;3|'123
6;2|'123
8;2|'123
10;10|'123
Menu de Consultas
1 - Procurar valores
2 - Procurar funções
0 - Sair
Escolha uma opção: Menu Principal
1 - Novo
2 - Abrir
3 - Guardar
4 - Menu de Edição
5 - Menu de Consultas
0 - Sair
Escolha uma opção: 